src/App.tsx(17,61): error TS6133: 'Drawer' is declared but its value is never read.
src/App.tsx(47,10): error TS6133: 'examEndsAt' is declared but its value is never read.
src/App.tsx(185,16): error TS2769: No overload matches this call.
  Overload 1 of 2, '(props: { component: ElementType<any, keyof IntrinsicElements>; } & TypographyOwnProps & CommonProps & Omit<any, "children" | ... 112 more ... | "variantMapping">): Element | null', gave the following error.
    Property 'component' is missing in type '{ children: string; variant: "h6"; align: "center"; fontWeight: string; gutterBottom: true; tracking: string; }' but required in type '{ component: ElementType<any, keyof IntrinsicElements>; }'.
  Overload 2 of 2, '(props: DefaultComponentProps<TypographyTypeMap<{}, "span">>): Element | null', gave the following error.
    Type '{ children: string; variant: "h6"; align: "center"; fontWeight: string; gutterBottom: true; tracking: string; }' is not assignable to type 'IntrinsicAttributes & TypographyOwnProps & CommonProps & Omit<DetailedHTMLProps<HTMLAttributes<HTMLSpanElement>, HTMLSpanElement>, "children" | ... 112 more ... | "variantMapping">'.
      Property 'tracking' does not exist on type 'IntrinsicAttributes & TypographyOwnProps & CommonProps & Omit<DetailedHTMLProps<HTMLAttributes<HTMLSpanElement>, HTMLSpanElement>, "children" | ... 112 more ... | "variantMapping">'.
src/components/ExamProctoringClient.tsx(58,7): error TS2304: Cannot find name 'setToastMsg'.
src/components/ExamProctoringClient.tsx(59,24): error TS2304: Cannot find name 'setToastMsg'.
src/components/TerminalPanel.tsx(11,48): error TS6133: 'props' is declared but its value is never read.
src/context/ThemeContext.tsx(3,58): error TS1484: 'Theme' is a type and must be imported using a type-only import when 'verbatimModuleSyntax' is enabled.
